2025-10-23 15:40:59.311 INFO  [] [] o.t.TaskManagementSystemApplication - Starting TaskManagementSystemApplication using Java 21.0.8 with PID 20232 (C:\Users\workn\OneDrive\Documents\Task Management System\Task Management System\target\classes started by workn in C:\Users\workn\OneDrive\Documents\Task Management System\Task Management System)
2025-10-23 15:40:59.314 INFO  [] [] o.t.TaskManagementSystemApplication - No active profile set, falling back to 1 default profile: "default"
2025-10-23 15:41:00.274 INFO  [] [] o.s.d.r.c.RepositoryConfigurationDelegate - Bootstrapping Spring Data JPA repositories in DEFAULT mode.
2025-10-23 15:41:00.349 INFO  [] [] o.s.d.r.c.RepositoryConfigurationDelegate - Finished Spring Data repository scanning in 63 ms. Found 3 JPA repository interfaces.
2025-10-23 15:41:01.155 INFO  [] [] o.s.b.w.e.tomcat.TomcatWebServer - Tomcat initialized with port 8080 (http)
2025-10-23 15:41:01.172 INFO  [] [] o.a.coyote.http11.Http11NioProtocol - Initializing ProtocolHandler ["http-nio-8080"]
2025-10-23 15:41:01.175 INFO  [] [] o.a.catalina.core.StandardService - Starting service [Tomcat]
2025-10-23 15:41:01.175 INFO  [] [] o.a.catalina.core.StandardEngine - Starting Servlet engine: [Apache Tomcat/10.1.20]
2025-10-23 15:41:01.249 INFO  [] [] o.a.c.c.C.[Tomcat].[localhost].[/] - Initializing Spring embedded WebApplicationContext
2025-10-23 15:41:01.251 INFO  [] [] o.s.b.w.s.c.ServletWebServerApplicationContext - Root WebApplicationContext: initialization completed in 1869 ms
2025-10-23 15:41:01.460 INFO  [] [] o.h.jpa.internal.util.LogHelper - HHH000204: Processing PersistenceUnitInfo [name: default]
2025-10-23 15:41:01.559 INFO  [] [] org.hibernate.Version - HHH000412: Hibernate ORM core version 6.4.4.Final
2025-10-23 15:41:01.624 INFO  [] [] o.h.c.i.RegionFactoryInitiator - HHH000026: Second-level cache disabled
2025-10-23 15:41:02.030 INFO  [] [] o.s.o.j.p.SpringPersistenceUnitInfo - No LoadTimeWeaver setup: ignoring JPA class transformer
2025-10-23 15:41:02.069 INFO  [] [] com.zaxxer.hikari.HikariDataSource - HikariPool-1 - Starting...
2025-10-23 15:41:02.300 INFO  [] [] com.zaxxer.hikari.pool.HikariPool - HikariPool-1 - Added connection org.postgresql.jdbc.PgConnection@11abd6c
2025-10-23 15:41:02.303 INFO  [] [] com.zaxxer.hikari.HikariDataSource - HikariPool-1 - Start completed.
2025-10-23 15:41:02.354 WARN  [] [] org.hibernate.orm.deprecation - HHH90000025: PostgreSQLDialect does not need to be specified explicitly using 'hibernate.dialect' (remove the property setting and it will be selected by default)
2025-10-23 15:41:03.468 INFO  [] [] o.h.e.t.j.p.i.JtaPlatformInitiator - HHH000489: No JTA platform available (set 'hibernate.transaction.jta.platform' to enable JTA platform integration)
2025-10-23 15:41:03.580 INFO  [] [] o.s.o.j.LocalContainerEntityManagerFactoryBean - Initialized JPA EntityManagerFactory for persistence unit 'default'
2025-10-23 15:41:04.145 WARN  [] [] o.s.b.a.o.j.JpaBaseConfiguration$JpaWebConfiguration - spring.jpa.open-in-view is enabled by default. Therefore, database queries may be performed during view rendering. Explicitly configure spring.jpa.open-in-view to disable this warning
2025-10-23 15:41:04.395 INFO  [] [] o.s.s.web.DefaultSecurityFilterChain - Will secure any request with [org.springframework.security.web.session.DisableEncodeUrlFilter@64836643, org.springframework.security.web.context.request.async.WebAsyncManagerIntegrationFilter@981d9d2, org.springframework.security.web.context.SecurityContextHolderFilter@610d0067, org.springframework.security.web.header.HeaderWriterFilter@6ba02f70, org.springframework.web.filter.CorsFilter@ad6448e, org.springframework.security.web.authentication.logout.LogoutFilter@659e003e, org.tms.config.JwtAuthenticationFilter@209b4b35, org.springframework.security.web.savedrequest.RequestCacheAwareFilter@7a1878d, org.springframework.security.web.servletapi.SecurityContextHolderAwareRequestFilter@2b625e82, org.springframework.security.web.authentication.AnonymousAuthenticationFilter@3da6950f, org.springframework.security.web.session.SessionManagementFilter@6a8ab98f, org.springframework.security.web.access.ExceptionTranslationFilter@35975b05, org.springframework.security.web.access.intercept.AuthorizationFilter@4db45d]
2025-10-23 15:41:04.640 INFO  [] [] o.a.coyote.http11.Http11NioProtocol - Starting ProtocolHandler ["http-nio-8080"]
2025-10-23 15:41:04.667 INFO  [] [] o.s.b.w.e.tomcat.TomcatWebServer - Tomcat started on port 8080 (http) with context path ''
2025-10-23 15:41:04.676 INFO  [] [] o.t.TaskManagementSystemApplication - Started TaskManagementSystemApplication in 6.068 seconds (process running for 6.601)
2025-10-23 15:42:03.674 INFO  [] [] o.a.c.c.C.[Tomcat].[localhost].[/] - Initializing Spring DispatcherServlet 'dispatcherServlet'
2025-10-23 15:42:03.680 INFO  [] [] o.s.web.servlet.DispatcherServlet - Initializing Servlet 'dispatcherServlet'
2025-10-23 15:42:03.680 INFO  [] [] o.s.web.servlet.DispatcherServlet - Completed initialization in 0 ms
2025-10-23 15:42:03.812 INFO  [d43df8a1-b059-4569-b6bc-b879704da6ec] [] org.tms.controller.AuthController - Login attempt for user: john
2025-10-23 15:42:03.889 INFO  [d43df8a1-b059-4569-b6bc-b879704da6ec] [] o.t.service.CustomUserDetailsService - Loading user details for: john
2025-10-23 15:42:04.108 INFO  [d43df8a1-b059-4569-b6bc-b879704da6ec] [] org.tms.service.JwtUtil - Generating JWT for user: john expiring at Thu Oct 23 16:42:04 IST 2025
2025-10-23 15:42:04.141 INFO  [d43df8a1-b059-4569-b6bc-b879704da6ec] [] org.tms.controller.AuthController - Login successful for user: john
2025-10-23 15:42:50.654 INFO  [208f69b9-e1ea-445b-90ec-a13575a5c639] [john] o.t.service.CustomUserDetailsService - Loading user details for: john
2025-10-23 15:42:50.770 INFO  [208f69b9-e1ea-445b-90ec-a13575a5c639] [john] org.tms.controller.TaskController - Task created by john: id=4, title=omplete the task management Report
2025-10-23 15:43:08.461 WARN  [f1b07c44-ffd4-4fab-8cac-5c088b26f828] [] o.tms.config.JwtAuthenticationFilter - Expired JWT: JWT expired at 2025-10-23T04:37:02Z. Current time: 2025-10-23T10:13:08Z, a difference of 20166461 milliseconds.  Allowed clock skew: 0 milliseconds.
2025-10-23 15:43:18.690 INFO  [c6335244-be8e-4631-80d6-9bcf66074f31] [john] o.t.service.CustomUserDetailsService - Loading user details for: john
2025-10-23 15:43:18.731 INFO  [c6335244-be8e-4631-80d6-9bcf66074f31] [john] org.tms.controller.TaskController - Task updated: id=4, title=Finish Project Report - Updated
2025-10-23 15:49:36.394 INFO  [] [] o.s.o.j.LocalContainerEntityManagerFactoryBean - Closing JPA EntityManagerFactory for persistence unit 'default'
2025-10-23 15:49:36.396 INFO  [] [] com.zaxxer.hikari.HikariDataSource - HikariPool-1 - Shutdown initiated...
2025-10-23 15:49:36.402 INFO  [] [] com.zaxxer.hikari.HikariDataSource - HikariPool-1 - Shutdown completed.
